Archive member included to satisfy reference by file (symbol)

c:/st/stm32cubeide_1.3.0/stm32cubeide/plugins/com.st.stm32cube.ide.mcu.externaltools.gnu-tools-for-stm32.7-2018-q2-update.win32_1.0.0.201904181610/tools/bin/../lib/gcc/arm-none-eabi/7.3.1/../../../../arm-none-eabi/lib/thumb/v7-m\libc_nano.a(lib_a-errno.o)
                              Core/Src/syscalls.o (__errno)
c:/st/stm32cubeide_1.3.0/stm32cubeide/plugins/com.st.stm32cube.ide.mcu.externaltools.gnu-tools-for-stm32.7-2018-q2-update.win32_1.0.0.201904181610/tools/bin/../lib/gcc/arm-none-eabi/7.3.1/../../../../arm-none-eabi/lib/thumb/v7-m\libc_nano.a(lib_a-exit.o)
                              c:/st/stm32cubeide_1.3.0/stm32cubeide/plugins/com.st.stm32cube.ide.mcu.externaltools.gnu-tools-for-stm32.7-2018-q2-update.win32_1.0.0.201904181610/tools/bin/../lib/gcc/arm-none-eabi/7.3.1/../../../../arm-none-eabi/lib/thumb/v7-m/crt0.o (exit)
c:/st/stm32cubeide_1.3.0/stm32cubeide/plugins/com.st.stm32cube.ide.mcu.externaltools.gnu-tools-for-stm32.7-2018-q2-update.win32_1.0.0.201904181610/tools/bin/../lib/gcc/arm-none-eabi/7.3.1/../../../../arm-none-eabi/lib/thumb/v7-m\libc_nano.a(lib_a-impure.o)
                              c:/st/stm32cubeide_1.3.0/stm32cubeide/plugins/com.st.stm32cube.ide.mcu.externaltools.gnu-tools-for-stm32.7-2018-q2-update.win32_1.0.0.201904181610/tools/bin/../lib/gcc/arm-none-eabi/7.3.1/../../../../arm-none-eabi/lib/thumb/v7-m\libc_nano.a(lib_a-exit.o) (_global_impure_ptr)
c:/st/stm32cubeide_1.3.0/stm32cubeide/plugins/com.st.stm32cube.ide.mcu.externaltools.gnu-tools-for-stm32.7-2018-q2-update.win32_1.0.0.201904181610/tools/bin/../lib/gcc/arm-none-eabi/7.3.1/../../../../arm-none-eabi/lib/thumb/v7-m\libc_nano.a(lib_a-init.o)
                              c:/st/stm32cubeide_1.3.0/stm32cubeide/plugins/com.st.stm32cube.ide.mcu.externaltools.gnu-tools-for-stm32.7-2018-q2-update.win32_1.0.0.201904181610/tools/bin/../lib/gcc/arm-none-eabi/7.3.1/../../../../arm-none-eabi/lib/thumb/v7-m/crt0.o (__libc_init_array)
c:/st/stm32cubeide_1.3.0/stm32cubeide/plugins/com.st.stm32cube.ide.mcu.externaltools.gnu-tools-for-stm32.7-2018-q2-update.win32_1.0.0.201904181610/tools/bin/../lib/gcc/arm-none-eabi/7.3.1/../../../../arm-none-eabi/lib/thumb/v7-m\libc_nano.a(lib_a-memset.o)
                              c:/st/stm32cubeide_1.3.0/stm32cubeide/plugins/com.st.stm32cube.ide.mcu.externaltools.gnu-tools-for-stm32.7-2018-q2-update.win32_1.0.0.201904181610/tools/bin/../lib/gcc/arm-none-eabi/7.3.1/../../../../arm-none-eabi/lib/thumb/v7-m/crt0.o (memset)
c:/st/stm32cubeide_1.3.0/stm32cubeide/plugins/com.st.stm32cube.ide.mcu.externaltools.gnu-tools-for-stm32.7-2018-q2-update.win32_1.0.0.201904181610/tools/bin/../lib/gcc/arm-none-eabi/7.3.1/../../../../arm-none-eabi/lib/thumb/v7-m\libc_nano.a(lib_a-strlen.o)
                              Core/Src/main.o (strlen)

Allocating common symbols
Common symbol       size              file

op                  0x1               Core/Src/main.o
b                   0x2               Core/Src/main.o
bufbyte             0x1               Core/Src/main.o
write_index         0x4               Core/Src/fifo.o
read_index          0x4               Core/Src/fifo.o
buff                0x64              Core/Src/fifo.o
uwTick              0x4               Drivers/STM32F1xx_HAL_Driver/Src/stm32f1xx_hal.o
pFlash              0x20              Drivers/STM32F1xx_HAL_Driver/Src/stm32f1xx_hal_flash.o
s1                  0x64              Core/Src/main.o
c                   0x2               Core/Src/main.o
unread_count        0x1               Core/Src/fifo.o
s2                  0x64              Core/Src/main.o
a                   0x2               Core/Src/main.o
fnum                0x64              Core/Src/main.o
s3                  0x64              Core/Src/main.o
ch                  0x1               Core/Src/main.o

Discarded input sections

 .text          0x0000000000000000        0x0 c:/st/stm32cubeide_1.3.0/stm32cubeide/plugins/com.st.stm32cube.ide.mcu.externaltools.gnu-tools-for-stm32.7-2018-q2-update.win32_1.0.0.201904181610/tools/bin/../lib/gcc/arm-none-eabi/7.3.1/thumb/v7-m/crti.o
 .data          0x0000000000000000        0x0 c:/st/stm32cubeide_1.3.0/stm32cubeide/plugins/com.st.stm32cube.ide.mcu.externaltools.gnu-tools-for-stm32.7-2018-q2-update.win32_1.0.0.201904181610/tools/bin/../lib/gcc/arm-none-eabi/7.3.1/thumb/v7-m/crti.o
 .bss           0x0000000000000000        0x0 c:/st/stm32cubeide_1.3.0/stm32cubeide/plugins/com.st.stm32cube.ide.mcu.externaltools.gnu-tools-for-stm32.7-2018-q2-update.win32_1.0.0.201904181610/tools/bin/../lib/gcc/arm-none-eabi/7.3.1/thumb/v7-m/crti.o
 .data          0x0000000000000000        0x4 c:/st/stm32cubeide_1.3.0/stm32cubeide/plugins/com.st.stm32cube.ide.mcu.externaltools.gnu-tools-for-stm32.7-2018-q2-update.win32_1.0.0.201904181610/tools/bin/../lib/gcc/arm-none-eabi/7.3.1/thumb/v7-m/crtbegin.o
[...]
Memory Configuration

Name             Origin             Length             Attributes
RAM              0x0000000020000000 0x0000000000005000 xrw
FLASH            0x0000000008000000 0x0000000000010000 xr
*default*        0x0000000000000000 0xffffffffffffffff

Linker script and memory map

LOAD c:/st/stm32cubeide_1.3.0/stm32cubeide/plugins/com.st.stm32cube.ide.mcu.externaltools.gnu-tools-for-stm32.7-2018-q2-update.win32_1.0.0.201904181610/tools/bin/../lib/gcc/arm-none-eabi/7.3.1/thumb/v7-m/crti.o
LOAD c:/st/stm32cubeide_1.3.0/stm32cubeide/plugins/com.st.stm32cube.ide.mcu.externaltools.gnu-tools-for-stm32.7-2018-q2-update.win32_1.0.0.201904181610/tools/bin/../lib/gcc/arm-none-eabi/7.3.1/thumb/v7-m/crtbegin.o
LOAD c:/st/stm32cubeide_1.3.0/stm32cubeide/plugins/com.st.stm32cube.ide.mcu.externaltools.gnu-tools-for-stm32.7-2018-q2-update.win32_1.0.0.201904181610/tools/bin/../lib/gcc/arm-none-eabi/7.3.1/../../../../arm-none-eabi/lib/thumb/v7-m/crt0.o
LOAD Core/Src/fifo.o
LOAD Core/Src/main.o
LOAD Core/Src/stm32f1xx_hal_msp.o
LOAD Core/Src/stm32f1xx_it.o
LOAD Core/Src/syscalls.o
LOAD Core/Src/sysmem.o
LOAD Core/Src/system_stm32f1xx.o
LOAD Core/Startup/startup_stm32f103c8tx.o
LOAD Drivers/STM32F1xx_HAL_Driver/Src/stm32f1xx_hal.o
LOAD Drivers/STM32F1xx_HAL_Driver/Src/stm32f1xx_hal_cortex.o
LOAD Drivers/STM32F1xx_HAL_Driver/Src/stm32f1xx_hal_dma.o
LOAD Drivers/STM32F1xx_HAL_Driver/Src/stm32f1xx_hal_exti.o
LOAD Drivers/STM32F1xx_HAL_Driver/Src/stm32f1xx_hal_flash.o
LOAD Drivers/STM32F1xx_HAL_Driver/Src/stm32f1xx_hal_flash_ex.o
LOAD Drivers/STM32F1xx_HAL_Driver/Src/stm32f1xx_hal_gpio.o
LOAD Drivers/STM32F1xx_HAL_Driver/Src/stm32f1xx_hal_gpio_ex.o
LOAD Drivers/STM32F1xx_HAL_Driver/Src/stm32f1xx_hal_pwr.o
LOAD Drivers/STM32F1xx_HAL_Driver/Src/stm32f1xx_hal_rcc.o
LOAD Drivers/STM32F1xx_HAL_Driver/Src/stm32f1xx_hal_rcc_ex.o
LOAD Drivers/STM32F1xx_HAL_Driver/Src/stm32f1xx_hal_tim.o
LOAD Drivers/STM32F1xx_HAL_Driver/Src/stm32f1xx_hal_tim_ex.o
LOAD Drivers/STM32F1xx_HAL_Driver/Src/stm32f1xx_ll_dma.o
LOAD Drivers/STM32F1xx_HAL_Driver/Src/stm32f1xx_ll_exti.o
LOAD Drivers/STM32F1xx_HAL_Driver/Src/stm32f1xx_ll_gpio.o
LOAD Drivers/STM32F1xx_HAL_Driver/Src/stm32f1xx_ll_rcc.o
LOAD Drivers/STM32F1xx_HAL_Driver/Src/stm32f1xx_ll_usart.o
LOAD Drivers/STM32F1xx_HAL_Driver/Src/stm32f1xx_ll_utils.o
START GROUP
LOAD c:/st/stm32cubeide_1.3.0/stm32cubeide/plugins/com.st.stm32cube.ide.mcu.externaltools.gnu-tools-for-stm32.7-2018-q2-update.win32_1.0.0.201904181610/tools/bin/../lib/gcc/arm-none-eabi/7.3.1/../../../../arm-none-eabi/lib/thumb/v7-m\libc_nano.a
LOAD c:/st/stm32cubeide_1.3.0/stm32cubeide/plugins/com.st.stm32cube.ide.mcu.externaltools.gnu-tools-for-stm32.7-2018-q2-update.win32_1.0.0.201904181610/tools/bin/../lib/gcc/arm-none-eabi/7.3.1/../../../../arm-none-eabi/lib/thumb/v7-m\libm.a
END GROUP
START GROUP
LOAD c:/st/stm32cubeide_1.3.0/stm32cubeide/plugins/com.st.stm32cube.ide.mcu.externaltools.gnu-tools-for-stm32.7-2018-q2-update.win32_1.0.0.201904181610/tools/bin/../lib/gcc/arm-none-eabi/7.3.1/thumb/v7-m\libgcc.a
LOAD c:/st/stm32cubeide_1.3.0/stm32cubeide/plugins/com.st.stm32cube.ide.mcu.externaltools.gnu-tools-for-stm32.7-2018-q2-update.win32_1.0.0.201904181610/tools/bin/../lib/gcc/arm-none-eabi/7.3.1/../../../../arm-none-eabi/lib/thumb/v7-m\libc_nano.a
END GROUP
START GROUP
LOAD c:/st/stm32cubeide_1.3.0/stm32cubeide/plugins/com.st.stm32cube.ide.mcu.externaltools.gnu-tools-for-stm32.7-2018-q2-update.win32_1.0.0.201904181610/tools/bin/../lib/gcc/arm-none-eabi/7.3.1/thumb/v7-m\libgcc.a
LOAD c:/st/stm32cubeide_1.3.0/stm32cubeide/plugins/com.st.stm32cube.ide.mcu.externaltools.gnu-tools-for-stm32.7-2018-q2-update.win32_1.0.0.201904181610/tools/bin/../lib/gcc/arm-none-eabi/7.3.1/../../../../arm-none-eabi/lib/thumb/v7-m\libc_nano.a
LOAD c:/st/stm32cubeide_1.3.0/stm32cubeide/plugins/com.st.stm32cube.ide.mcu.externaltools.gnu-tools-for-stm32.7-2018-q2-update.win32_1.0.0.201904181610/tools/bin/../lib/gcc/arm-none-eabi/7.3.1/../../../../arm-none-eabi/lib/thumb/v7-m\libnosys.a
END GROUP
START GROUP
LOAD c:/st/stm32cubeide_1.3.0/stm32cubeide/plugins/com.st.stm32cube.ide.mcu.externaltools.gnu-tools-for-stm32.7-2018-q2-update.win32_1.0.0.201904181610/tools/bin/../lib/gcc/arm-none-eabi/7.3.1/thumb/v7-m\libgcc.a
LOAD c:/st/stm32cubeide_1.3.0/stm32cubeide/plugins/com.st.stm32cube.ide.mcu.externaltools.gnu-tools-for-stm32.7-2018-q2-update.win32_1.0.0.201904181610/tools/bin/../lib/gcc/arm-none-eabi/7.3.1/../../../../arm-none-eabi/lib/thumb/v7-m\libc_nano.a
LOAD c:/st/stm32cubeide_1.3.0/stm32cubeide/plugins/com.st.stm32cube.ide.mcu.externaltools.gnu-tools-for-stm32.7-2018-q2-update.win32_1.0.0.201904181610/tools/bin/../lib/gcc/arm-none-eabi/7.3.1/../../../../arm-none-eabi/lib/thumb/v7-m\libnosys.a
END GROUP
LOAD c:/st/stm32cubeide_1.3.0/stm32cubeide/plugins/com.st.stm32cube.ide.mcu.externaltools.gnu-tools-for-stm32.7-2018-q2-update.win32_1.0.0.201904181610/tools/bin/../lib/gcc/arm-none-eabi/7.3.1/thumb/v7-m/crtend.o
LOAD c:/st/stm32cubeide_1.3.0/stm32cubeide/plugins/com.st.stm32cube.ide.mcu.externaltools.gnu-tools-for-stm32.7-2018-q2-update.win32_1.0.0.201904181610/tools/bin/../lib/gcc/arm-none-eabi/7.3.1/thumb/v7-m/crtn.o
                0x0000000020005000                _estack = (ORIGIN (RAM) + LENGTH (RAM))
                0x0000000000000200                _Min_Heap_Size = 0x200
                0x0000000000000400                _Min_Stack_Size = 0x400

.isr_vector     0x0000000008000000      0x10c
                0x0000000008000000                . = ALIGN (0x4)
 *(.isr_vector)
 .isr_vector    0x0000000008000000      0x10c Core/Startup/startup_stm32f103c8tx.o
                0x0000000008000000                g_pfnVectors
                0x000000000800010c                . = ALIGN (0x4)

.text           0x000000000800010c     0x1ccc
                0x000000000800010c                . = ALIGN (0x4)
 *(.text)
 .text          0x000000000800010c       0x40 c:/st/stm32cubeide_1.3.0/stm32cubeide/plugins/com.st.stm32cube.ide.mcu.externaltools.gnu-tools-for-stm32.7-2018-q2-update.win32_1.0.0.201904181610/tools/bin/../lib/gcc/arm-none-eabi/7.3.1/thumb/v7-m/crtbegin.o
 *(.text*)
 .text.fifo_write_byte
                0x000000000800014c       0x68 Core/Src/fifo.o
                0x000000000800014c                fifo_write_byte
 .text.fifo_read_byte
                0x00000000080001b4       0x64 Core/Src/fifo.o
                0x00000000080001b4                fifo_read_byte
 .text.fifo_data_available
                0x0000000008000218       0x14 Core/Src/fifo.o
                0x0000000008000218                fifo_data_available
 .text.__NVIC_GetPriorityGrouping
                0x000000000800022c       0x1c Core/Src/main.o
 .text.__NVIC_EnableIRQ
                0x0000000008000248       0x38 Core/Src/main.o
 .text.__NVIC_SetPriority
                0x0000000008000280       0x54 Core/Src/main.o
 .text.NVIC_EncodePriority
                0x00000000080002d4       0x64 Core/Src/main.o
 .text.LL_USART_Enable
                0x0000000008000338       0x1e Core/Src/main.o
 .text.LL_USART_ConfigAsyncMode
                0x0000000008000356       0x2a Core/Src/main.o
 .text.LL_USART_IsActiveFlag_RXNE
                0x0000000008000380       0x24 Core/Src/main.o
 .text.LL_USART_IsActiveFlag_TXE
                0x00000000080003a4       0x24 Core/Src/main.o
 .text.LL_USART_EnableIT_RXNE
                0x00000000080003c8       0x1e Core/Src/main.o
 .text.LL_USART_IsEnabledIT_RXNE
                0x00000000080003e6       0x24 Core/Src/main.o
 .text.LL_USART_ReceiveData8
                0x000000000800040a       0x18 Core/Src/main.o
 .text.LL_USART_TransmitData8
                0x0000000008000422       0x1c Core/Src/main.o
 *fill*         0x000000000800043e        0x2 
 .text.LL_APB2_GRP1_EnableClock
                0x0000000008000440       0x30 Core/Src/main.o
 .text.USART1_IRQHandler
                0x0000000008000470       0x4c Core/Src/main.o
                0x0000000008000470                USART1_IRQHandler
 .text.UART1_PutChar
                0x00000000080004bc       0x30 Core/Src/main.o
                0x00000000080004bc                UART1_PutChar
 .text.UART1_PutStr
                0x00000000080004ec       0x28 Core/Src/main.o
                0x00000000080004ec                UART1_PutStr
 .text.main     0x0000000008000514      0x128 Core/Src/main.o
                0x0000000008000514                main
 .text.SystemClock_Config
                0x000000000800063c       0x8a Core/Src/main.o
                0x000000000800063c                SystemClock_Config
 *fill*         0x00000000080006c6        0x2 
 .text.MX_USART1_UART_Init
                0x00000000080006c8       0xd0 Core/Src/main.o
 .text.MX_GPIO_Init
                0x0000000008000798       0x98 Core/Src/main.o
 .text.Error_Handler
                0x0000000008000830        0xc Core/Src/main.o
                0x0000000008000830                Error_Handler
 .text.HAL_MspInit
                0x000000000800083c       0x64 Core/Src/stm32f1xx_hal_msp.o
                0x000000000800083c                HAL_MspInit
 .text.NMI_Handler
                0x00000000080008a0        0xc Core/Src/stm32f1xx_it.o
                0x00000000080008a0                NMI_Handler
 .text.HardFault_Handler
                0x00000000080008ac        0x6 Core/Src/stm32f1xx_it.o
                0x00000000080008ac                HardFault_Handler
 .text.MemManage_Handler
                0x00000000080008b2        0x6 Core/Src/stm32f1xx_it.o
                0x00000000080008b2                MemManage_Handler
 .text.BusFault_Handler
                0x00000000080008b8        0x6 Core/Src/stm32f1xx_it.o
                0x00000000080008b8                BusFault_Handler
 .text.UsageFault_Handler
                0x00000000080008be        0x6 Core/Src/stm32f1xx_it.o
                0x00000000080008be                UsageFault_Handler
 .text.SVC_Handler
                0x00000000080008c4        0xc Core/Src/stm32f1xx_it.o
                0x00000000080008c4                SVC_Handler
 .text.DebugMon_Handler
                0x00000000080008d0        0xc Core/Src/stm32f1xx_it.o
                0x00000000080008d0                DebugMon_Handler
 .text.PendSV_Handler
                0x00000000080008dc        0xc Core/Src/stm32f1xx_it.o
                0x00000000080008dc                PendSV_Handler
 .text.SysTick_Handler
                0x00000000080008e8        0xc Core/Src/stm32f1xx_it.o
                0x00000000080008e8                SysTick_Handler
 .text.SystemInit
                0x00000000080008f4       0x68 Core/Src/system_stm32f1xx.o
                0x00000000080008f4                SystemInit
 .text.Reset_Handler
                0x000000000800095c       0x48 Core/Startup/startup_stm32f103c8tx.o
                0x000000000800095c                Reset_Handler
 .text.Default_Handler
                0x00000000080009a4        0x2 Core/Startup/startup_stm32f103c8tx.o
                0x00000000080009a4                RTC_Alarm_IRQHandler
                0x00000000080009a4                EXTI2_IRQHandler
                0x00000000080009a4                TIM1_CC_IRQHandler
                0x00000000080009a4                PVD_IRQHandler
                0x00000000080009a4                EXTI3_IRQHandler
                0x00000000080009a4                EXTI0_IRQHandler
                0x00000000080009a4                I2C2_EV_IRQHandler
                0x00000000080009a4                ADC1_2_IRQHandler
                0x00000000080009a4                SPI1_IRQHandler
                0x00000000080009a4                TAMPER_IRQHandler
                0x00000000080009a4                DMA1_Channel4_IRQHandler
                0x00000000080009a4                USART3_IRQHandler
                0x00000000080009a4                RTC_IRQHandler
                0x00000000080009a4                DMA1_Channel7_IRQHandler
                0x00000000080009a4                CAN1_RX1_IRQHandler
                0x00000000080009a4                TIM4_IRQHandler
                0x00000000080009a4                I2C1_EV_IRQHandler
                0x00000000080009a4                DMA1_Channel6_IRQHandler
                0x00000000080009a4                TIM3_IRQHandler
                0x00000000080009a4                RCC_IRQHandler
                0x00000000080009a4                TIM1_TRG_COM_IRQHandler
                0x00000000080009a4                DMA1_Channel1_IRQHandler
                0x00000000080009a4                Default_Handler
                0x00000000080009a4                EXTI15_10_IRQHandler
                0x00000000080009a4                EXTI9_5_IRQHandler
                0x00000000080009a4                SPI2_IRQHandler
                0x00000000080009a4                DMA1_Channel5_IRQHandler
                0x00000000080009a4                EXTI4_IRQHandler
                0x00000000080009a4                USB_LP_CAN1_RX0_IRQHandler
                0x00000000080009a4                USB_HP_CAN1_TX_IRQHandler
                0x00000000080009a4                DMA1_Channel3_IRQHandler
                0x00000000080009a4                TIM1_UP_IRQHandler
                0x00000000080009a4                WWDG_IRQHandler
                0x00000000080009a4                TIM2_IRQHandler
                0x00000000080009a4                TIM1_BRK_IRQHandler
                0x00000000080009a4                EXTI1_IRQHandler
                0x00000000080009a4                USART2_IRQHandler
                0x00000000080009a4                I2C2_ER_IRQHandler
                0x00000000080009a4                DMA1_Channel2_IRQHandler
                0x00000000080009a4                CAN1_SCE_IRQHandler
                0x00000000080009a4                FLASH_IRQHandler
                0x00000000080009a4                I2C1_ER_IRQHandler
                0x00000000080009a4                USBWakeUp_IRQHandler
 *fill*         0x00000000080009a6        0x2 
 .text.HAL_Init
                0x00000000080009a8       0x2c Drivers/STM32F1xx_HAL_Driver/Src/stm32f1xx_hal.o
                0x00000000080009a8                HAL_Init
 .text.HAL_InitTick
                0x00000000080009d4       0x60 Drivers/STM32F1xx_HAL_Driver/Src/stm32f1xx_hal.o
                0x00000000080009d4                HAL_InitTick
 .text.HAL_IncTick
                0x0000000008000a34       0x24 Drivers/STM32F1xx_HAL_Driver/Src/stm32f1xx_hal.o
                0x0000000008000a34                HAL_IncTick
 .text.HAL_GetTick
                0x0000000008000a58       0x14 Drivers/STM32F1xx_HAL_Driver/Src/stm32f1xx_hal.o
                0x0000000008000a58                HAL_GetTick
 .text.HAL_Delay
                0x0000000008000a6c       0x44 Drivers/STM32F1xx_HAL_Driver/Src/stm32f1xx_hal.o
                0x0000000008000a6c                HAL_Delay
 .text.__NVIC_SetPriorityGrouping
                0x0000000008000ab0       0x48 Drivers/STM32F1xx_HAL_Driver/Src/stm32f1xx_hal_cortex.o
 .text.__NVIC_GetPriorityGrouping
                0x0000000008000af8       0x1c Drivers/STM32F1xx_HAL_Driver/Src/stm32f1xx_hal_cortex.o
 .text.__NVIC_SetPriority
                0x0000000008000b14       0x54 Drivers/STM32F1xx_HAL_Driver/Src/stm32f1xx_hal_cortex.o
 .text.NVIC_EncodePriority
                0x0000000008000b68       0x64 Drivers/STM32F1xx_HAL_Driver/Src/stm32f1xx_hal_cortex.o
 .text.SysTick_Config
                0x0000000008000bcc       0x44 Drivers/STM32F1xx_HAL_Driver/Src/stm32f1xx_hal_cortex.o
 .text.HAL_NVIC_SetPriorityGrouping
                0x0000000008000c10       0x16 Drivers/STM32F1xx_HAL_Driver/Src/stm32f1xx_hal_cortex.o
                0x0000000008000c10                HAL_NVIC_SetPriorityGrouping
 .text.HAL_NVIC_SetPriority
                0x0000000008000c26       0x38 Drivers/STM32F1xx_HAL_Driver/Src/stm32f1xx_hal_cortex.o
                0x0000000008000c26                HAL_NVIC_SetPriority
 .text.HAL_SYSTICK_Config
                0x0000000008000c5e       0x18 Drivers/STM32F1xx_HAL_Driver/Src/stm32f1xx_hal_cortex.o
                0x0000000008000c5e                HAL_SYSTICK_Config
 *fill*         0x0000000008000c76        0x2 
 .text.HAL_GPIO_Init
                0x0000000008000c78      0x2b4 Drivers/STM32F1xx_HAL_Driver/Src/stm32f1xx_hal_gpio.o
                0x0000000008000c78                HAL_GPIO_Init
 .text.HAL_GPIO_WritePin
                0x0000000008000f2c       0x30 Drivers/STM32F1xx_HAL_Driver/Src/stm32f1xx_hal_gpio.o
                0x0000000008000f2c                HAL_GPIO_WritePin
 .text.HAL_RCC_OscConfig
                0x0000000008000f5c      0x500 Drivers/STM32F1xx_HAL_Driver/Src/stm32f1xx_hal_rcc.o
                0x0000000008000f5c                HAL_RCC_OscConfig
 .text.HAL_RCC_ClockConfig
                0x000000000800145c      0x1d4 Drivers/STM32F1xx_HAL_Driver/Src/stm32f1xx_hal_rcc.o
                0x000000000800145c                HAL_RCC_ClockConfig
 .text.HAL_RCC_GetSysClockFreq
                0x0000000008001630       0xc4 Drivers/STM32F1xx_HAL_Driver/Src/stm32f1xx_hal_rcc.o
                0x0000000008001630                HAL_RCC_GetSysClockFreq
 .text.RCC_Delay
                0x00000000080016f4       0x3c Drivers/STM32F1xx_HAL_Driver/Src/stm32f1xx_hal_rcc.o
 .text.LL_GPIO_SetPinMode
                0x0000000008001730       0x64 Drivers/STM32F1xx_HAL_Driver/Src/stm32f1xx_ll_gpio.o
 .text.LL_GPIO_SetPinSpeed
                0x0000000008001794       0x64 Drivers/STM32F1xx_HAL_Driver/Src/stm32f1xx_ll_gpio.o
 .text.LL_GPIO_SetPinOutputType
                0x00000000080017f8       0x64 Drivers/STM32F1xx_HAL_Driver/Src/stm32f1xx_ll_gpio.o
 .text.LL_GPIO_SetPinPull
                0x000000000800185c       0x44 Drivers/STM32F1xx_HAL_Driver/Src/stm32f1xx_ll_gpio.o
 .text.LL_GPIO_Init
                0x00000000080018a0       0xc4 Drivers/STM32F1xx_HAL_Driver/Src/stm32f1xx_ll_gpio.o
                0x00000000080018a0                LL_GPIO_Init
 .text.LL_RCC_GetSysClkSource
                0x0000000008001964       0x18 Drivers/STM32F1xx_HAL_Driver/Src/stm32f1xx_ll_rcc.o
 .text.LL_RCC_GetAHBPrescaler
                0x000000000800197c       0x18 Drivers/STM32F1xx_HAL_Driver/Src/stm32f1xx_ll_rcc.o
 .text.LL_RCC_GetAPB1Prescaler
                0x0000000008001994       0x18 Drivers/STM32F1xx_HAL_Driver/Src/stm32f1xx_ll_rcc.o
 .text.LL_RCC_GetAPB2Prescaler
                0x00000000080019ac       0x18 Drivers/STM32F1xx_HAL_Driver/Src/stm32f1xx_ll_rcc.o
 .text.LL_RCC_PLL_GetMainSource
                0x00000000080019c4       0x18 Drivers/STM32F1xx_HAL_Driver/Src/stm32f1xx_ll_rcc.o
 .text.LL_RCC_PLL_GetMultiplicator
                0x00000000080019dc       0x18 Drivers/STM32F1xx_HAL_Driver/Src/stm32f1xx_ll_rcc.o
 .text.LL_RCC_PLL_GetPrediv
                0x00000000080019f4       0x1c Drivers/STM32F1xx_HAL_Driver/Src/stm32f1xx_ll_rcc.o
 .text.LL_RCC_GetSystemClocksFreq
                0x0000000008001a10       0x4a Drivers/STM32F1xx_HAL_Driver/Src/stm32f1xx_ll_rcc.o
                0x0000000008001a10                LL_RCC_GetSystemClocksFreq
 *fill*         0x0000000008001a5a        0x2 
 .text.RCC_GetSystemClockFreq
                0x0000000008001a5c       0x44 Drivers/STM32F1xx_HAL_Driver/Src/stm32f1xx_ll_rcc.o
                0x0000000008001a5c                RCC_GetSystemClockFreq
 .text.RCC_GetHCLKClockFreq
                0x0000000008001aa0       0x2c Drivers/STM32F1xx_HAL_Driver/Src/stm32f1xx_ll_rcc.o
                0x0000000008001aa0                RCC_GetHCLKClockFreq
 .text.RCC_GetPCLK1ClockFreq
                0x0000000008001acc       0x28 Drivers/STM32F1xx_HAL_Driver/Src/stm32f1xx_ll_rcc.o
                0x0000000008001acc                RCC_GetPCLK1ClockFreq
 .text.RCC_GetPCLK2ClockFreq
                0x0000000008001af4       0x28 Drivers/STM32F1xx_HAL_Driver/Src/stm32f1xx_ll_rcc.o
                0x0000000008001af4                RCC_GetPCLK2ClockFreq
 .text.RCC_PLL_GetFreqDomain_SYS
                0x0000000008001b1c       0x60 Drivers/STM32F1xx_HAL_Driver/Src/stm32f1xx_ll_rcc.o
                0x0000000008001b1c                RCC_PLL_GetFreqDomain_SYS
 .text.LL_USART_IsEnabled
                0x0000000008001b7c       0x26 Drivers/STM32F1xx_HAL_Driver/Src/stm32f1xx_ll_usart.o
 .text.LL_USART_SetStopBitsLength
                0x0000000008001ba2       0x24 Drivers/STM32F1xx_HAL_Driver/Src/stm32f1xx_ll_usart.o
 .text.LL_USART_SetHWFlowCtrl
                0x0000000008001bc6       0x24 Drivers/STM32F1xx_HAL_Driver/Src/stm32f1xx_ll_usart.o
 *fill*         0x0000000008001bea        0x2 
 .text.LL_USART_SetBaudRate
                0x0000000008001bec       0xbc Drivers/STM32F1xx_HAL_Driver/Src/stm32f1xx_ll_usart.o
 .text.LL_USART_Init
                0x0000000008001ca8       0xc0 Drivers/STM32F1xx_HAL_Driver/Src/stm32f1xx_ll_usart.o
                0x0000000008001ca8                LL_USART_Init
 .text.__libc_init_array
                0x0000000008001d68       0x48 c:/st/stm32cubeide_1.3.0/stm32cubeide/plugins/com.st.stm32cube.ide.mcu.externaltools.gnu-tools-for-stm32.7-2018-q2-update.win32_1.0.0.201904181610/tools/bin/../lib/gcc/arm-none-eabi/7.3.1/../../../../arm-none-eabi/lib/thumb/v7-m\libc_nano.a(lib_a-init.o)
                0x0000000008001d68                __libc_init_array
 .text.memset   0x0000000008001db0       0x10 c:/st/stm32cubeide_1.3.0/stm32cubeide/plugins/com.st.stm32cube.ide.mcu.externaltools.gnu-tools-for-stm32.7-2018-q2-update.win32_1.0.0.201904181610/tools/bin/../lib/gcc/arm-none-eabi/7.3.1/../../../../arm-none-eabi/lib/thumb/v7-m\libc_nano.a(lib_a-memset.o)
                0x0000000008001db0                memset
 *(.glue_7)
 .glue_7        0x0000000008001dc0        0x0 linker stubs
 *(.glue_7t)
 .glue_7t       0x0000000008001dc0        0x0 linker stubs
 *(.eh_frame)
 .eh_frame      0x0000000008001dc0        0x0 c:/st/stm32cubeide_1.3.0/stm32cubeide/plugins/com.st.stm32cube.ide.mcu.externaltools.gnu-tools-for-stm32.7-2018-q2-update.win32_1.0.0.201904181610/tools/bin/../lib/gcc/arm-none-eabi/7.3.1/thumb/v7-m/crtbegin.o
 *(.init)
 .init          0x0000000008001dc0        0x4 c:/st/stm32cubeide_1.3.0/stm32cubeide/plugins/com.st.stm32cube.ide.mcu.externaltools.gnu-tools-for-stm32.7-2018-q2-update.win32_1.0.0.201904181610/tools/bin/../lib/gcc/arm-none-eabi/7.3.1/thumb/v7-m/crti.o
                0x0000000008001dc0                _init
 .init          0x0000000008001dc4        0x8 c:/st/stm32cubeide_1.3.0/stm32cubeide/plugins/com.st.stm32cube.ide.mcu.externaltools.gnu-tools-for-stm32.7-2018-q2-update.win32_1.0.0.201904181610/tools/bin/../lib/gcc/arm-none-eabi/7.3.1/thumb/v7-m/crtn.o
 *(.fini)
 .fini          0x0000000008001dcc        0x4 c:/st/stm32cubeide_1.3.0/stm32cubeide/plugins/com.st.stm32cube.ide.mcu.externaltools.gnu-tools-for-stm32.7-2018-q2-update.win32_1.0.0.201904181610/tools/bin/../lib/gcc/arm-none-eabi/7.3.1/thumb/v7-m/crti.o
                0x0000000008001dcc                _fini
 .fini          0x0000000008001dd0        0x8 c:/st/stm32cubeide_1.3.0/stm32cubeide/plugins/com.st.stm32cube.ide.mcu.externaltools.gnu-tools-for-stm32.7-2018-q2-update.win32_1.0.0.201904181610/tools/bin/../lib/gcc/arm-none-eabi/7.3.1/thumb/v7-m/crtn.o
                0x0000000008001dd8                . = ALIGN (0x4)
                0x0000000008001dd8                _etext = .

.vfp11_veneer   0x0000000008001dd8        0x0
 .vfp11_veneer  0x0000000008001dd8        0x0 linker stubs

.v4_bx          0x0000000008001dd8        0x0
 .v4_bx         0x0000000008001dd8        0x0 linker stubs

.iplt           0x0000000008001dd8        0x0
 .iplt          0x0000000008001dd8        0x0 c:/st/stm32cubeide_1.3.0/stm32cubeide/plugins/com.st.stm32cube.ide.mcu.externaltools.gnu-tools-for-stm32.7-2018-q2-update.win32_1.0.0.201904181610/tools/bin/../lib/gcc/arm-none-eabi/7.3.1/thumb/v7-m/crtbegin.o

.rodata         0x0000000008001dd8       0x34
                0x0000000008001dd8                . = ALIGN (0x4)
 *(.rodata)
 .rodata        0x0000000008001dd8        0x7 Core/Src/main.o
 *fill*         0x0000000008001ddf        0x1 
 .rodata        0x0000000008001de0       0x12 Drivers/STM32F1xx_HAL_Driver/Src/stm32f1xx_hal_rcc.o
 *(.rodata*)
 *fill*         0x0000000008001df2        0x2 
 .rodata.AHBPrescTable
                0x0000000008001df4       0x10 Core/Src/system_stm32f1xx.o
                0x0000000008001df4                AHBPrescTable
 .rodata.APBPrescTable
                0x0000000008001e04        0x8 Core/Src/system_stm32f1xx.o
                0x0000000008001e04                APBPrescTable
                0x0000000008001e0c                . = ALIGN (0x4)

.rel.dyn        0x0000000008001e0c        0x0
 .rel.iplt      0x0000000008001e0c        0x0 c:/st/stm32cubeide_1.3.0/stm32cubeide/plugins/com.st.stm32cube.ide.mcu.externaltools.gnu-tools-for-stm32.7-2018-q2-update.win32_1.0.0.201904181610/tools/bin/../lib/gcc/arm-none-eabi/7.3.1/thumb/v7-m/crtbegin.o

.ARM.extab      0x0000000008001e0c        0x0
                0x0000000008001e0c                . = ALIGN (0x4)
 *(.ARM.extab* .gnu.linkonce.armextab.*)
                0x0000000008001e0c                . = ALIGN (0x4)

.ARM            0x0000000008001e0c        0x0
                0x0000000008001e0c                . = ALIGN (0x4)
                0x0000000008001e0c                __exidx_start = .
 *(.ARM.exidx*)
                0x0000000008001e0c                __exidx_end = .
                0x0000000008001e0c                . = ALIGN (0x4)

.preinit_array  0x0000000008001e0c        0x0
                0x0000000008001e0c                . = ALIGN (0x4)
                0x0000000008001e0c                PROVIDE (__preinit_array_start = .)
 *(.preinit_array*)
                0x0000000008001e0c                PROVIDE (__preinit_array_end = .)
                0x0000000008001e0c                . = ALIGN (0x4)

.init_array     0x0000000008001e0c        0x4
                0x0000000008001e0c                . = ALIGN (0x4)
                0x0000000008001e0c                PROVIDE (__init_array_start = .)
 *(SORT_BY_NAME(.init_array.*))
 *(.init_array*)
 .init_array    0x0000000008001e0c        0x4 c:/st/stm32cubeide_1.3.0/stm32cubeide/plugins/com.st.stm32cube.ide.mcu.externaltools.gnu-tools-for-stm32.7-2018-q2-update.win32_1.0.0.201904181610/tools/bin/../lib/gcc/arm-none-eabi/7.3.1/thumb/v7-m/crtbegin.o
                0x0000000008001e10                PROVIDE (__init_array_end = .)
                0x0000000008001e10                . = ALIGN (0x4)

.fini_array     0x0000000008001e10        0x4
                0x0000000008001e10                . = ALIGN (0x4)
                [!provide]                        PROVIDE (__fini_array_start = .)
 *(SORT_BY_NAME(.fini_array.*))
 *(.fini_array*)
 .fini_array    0x0000000008001e10        0x4 c:/st/stm32cubeide_1.3.0/stm32cubeide/plugins/com.st.stm32cube.ide.mcu.externaltools.gnu-tools-for-stm32.7-2018-q2-update.win32_1.0.0.201904181610/tools/bin/../lib/gcc/arm-none-eabi/7.3.1/thumb/v7-m/crtbegin.o
                [!provide]                        PROVIDE (__fini_array_end = .)
                0x0000000008001e14                . = ALIGN (0x4)
                0x0000000008001e14                _sidata = LOADADDR (.data)

.data           0x0000000020000000        0xc load address 0x0000000008001e14
                0x0000000020000000                . = ALIGN (0x4)
                0x0000000020000000                _sdata = .
 *(.data)
 *(.data*)
 .data.SystemCoreClock
                0x0000000020000000        0x4 Core/Src/system_stm32f1xx.o
                0x0000000020000000                SystemCoreClock
 .data.uwTickPrio
                0x0000000020000004        0x4 Drivers/STM32F1xx_HAL_Driver/Src/stm32f1xx_hal.o
                0x0000000020000004                uwTickPrio
 .data.uwTickFreq
                0x0000000020000008        0x1 Drivers/STM32F1xx_HAL_Driver/Src/stm32f1xx_hal.o
                0x0000000020000008                uwTickFreq
                0x000000002000000c                . = ALIGN (0x4)
 *fill*         0x0000000020000009        0x3 
                0x000000002000000c                _edata = .

.igot.plt       0x000000002000000c        0x0 load address 0x0000000008001e20
 .igot.plt      0x000000002000000c        0x0 c:/st/stm32cubeide_1.3.0/stm32cubeide/plugins/com.st.stm32cube.ide.mcu.externaltools.gnu-tools-for-stm32.7-2018-q2-update.win32_1.0.0.201904181610/tools/bin/../lib/gcc/arm-none-eabi/7.3.1/thumb/v7-m/crtbegin.o
                0x000000002000000c                . = ALIGN (0x4)

.bss            0x000000002000000c      0x234 load address 0x0000000008001e20
                0x000000002000000c                _sbss = .
                0x000000002000000c                __bss_start__ = _sbss
 *(.bss)
 .bss           0x000000002000000c       0x1c c:/st/stm32cubeide_1.3.0/stm32cubeide/plugins/com.st.stm32cube.ide.mcu.externaltools.gnu-tools-for-stm32.7-2018-q2-update.win32_1.0.0.201904181610/tools/bin/../lib/gcc/arm-none-eabi/7.3.1/thumb/v7-m/crtbegin.o
 *(.bss*)
 *(COMMON)
 COMMON         0x0000000020000028       0x6d Core/Src/fifo.o
                0x0000000020000028                write_index
                0x000000002000002c                read_index
                0x0000000020000030                buff
                0x0000000020000094                unread_count
 *fill*         0x0000000020000095        0x3 
 COMMON         0x0000000020000098      0x1a1 Core/Src/main.o
                0x0000000020000098                op
                0x000000002000009a                b
                0x000000002000009c                bufbyte
                0x00000000200000a0                s1
                0x0000000020000104                c
                0x0000000020000108                s2
                0x000000002000016c                a
                0x0000000020000170                fnum
                0x00000000200001d4                s3
                0x0000000020000238                ch
 *fill*         0x0000000020000239        0x3 
 COMMON         0x000000002000023c        0x4 Drivers/STM32F1xx_HAL_Driver/Src/stm32f1xx_hal.o
                0x000000002000023c                uwTick
                0x0000000020000240                . = ALIGN (0x4)
                0x0000000020000240                _ebss = .
                0x0000000020000240                __bss_end__ = _ebss

._user_heap_stack
                0x0000000020000240      0x600 load address 0x0000000008001e20
                0x0000000020000240                . = ALIGN (0x8)
                0x0000000020000240                PROVIDE (end = .)
                [!provide]                        PROVIDE (_end = .)
                0x0000000020000440                . = (. + _Min_Heap_Size)
 *fill*         0x0000000020000240      0x200 
                0x0000000020000840                . = (. + _Min_Stack_Size)
 *fill*         0x0000000020000440      0x400 
                0x0000000020000840                . = ALIGN (0x8)

/DISCARD/
 libc.a(*)
 libm.a(*)
 libgcc.a(*)

.ARM.attributes
                0x0000000000000000       0x29
 *(.ARM.attributes)
 .ARM.attributes
                0x0000000000000000       0x1d c:/st/stm32cubeide_1.3.0/stm32cubeide/plugins/com.st.stm32cube.ide.mcu.externaltools.gnu-tools-for-stm32.7-2018-q2-update.win32_1.0.0.201904181610/tools/bin/../lib/gcc/arm-none-eabi/7.3.1/thumb/v7-m/crti.o
 .ARM.attributes
                0x000000000000001d       0x2d c:/st/stm32cubeide_1.3.0/stm32cubeide/plugins/com.st.stm32cube.ide.mcu.externaltools.gnu-tools-for-stm32.7-2018-q2-update.win32_1.0.0.201904181610/tools/bin/../lib/gcc/arm-none-eabi/7.3.1/thumb/v7-m/crtbegin.o
 .ARM.attributes
                0x000000000000004a       0x33 Core/Src/fifo.o
 .ARM.attributes
                0x000000000000007d       0x33 Core/Src/main.o
 .ARM.attributes
                0x00000000000000b0       0x33 Core/Src/stm32f1xx_hal_msp.o
 .ARM.attributes
                0x00000000000000e3       0x33 Core/Src/stm32f1xx_it.o
 .ARM.attributes
                0x0000000000000116       0x33 Core/Src/system_stm32f1xx.o
 .ARM.attributes
                0x0000000000000149       0x21 Core/Startup/startup_stm32f103c8tx.o
 .ARM.attributes
                0x000000000000016a       0x33 Drivers/STM32F1xx_HAL_Driver/Src/stm32f1xx_hal.o
 .ARM.attributes
                0x000000000000019d       0x33 Drivers/STM32F1xx_HAL_Driver/Src/stm32f1xx_hal_cortex.o
 .ARM.attributes
                0x00000000000001d0       0x33 Drivers/STM32F1xx_HAL_Driver/Src/stm32f1xx_hal_gpio.o
 .ARM.attributes
                0x0000000000000203       0x33 Drivers/STM32F1xx_HAL_Driver/Src/stm32f1xx_hal_rcc.o
 .ARM.attributes
                0x0000000000000236       0x33 Drivers/STM32F1xx_HAL_Driver/Src/stm32f1xx_ll_gpio.o
 .ARM.attributes
                0x0000000000000269       0x33 Drivers/STM32F1xx_HAL_Driver/Src/stm32f1xx_ll_rcc.o
 .ARM.attributes
                0x000000000000029c       0x33 Drivers/STM32F1xx_HAL_Driver/Src/stm32f1xx_ll_usart.o
 .ARM.attributes
                0x00000000000002cf       0x2d c:/st/stm32cubeide_1.3.0/stm32cubeide/plugins/com.st.stm32cube.ide.mcu.externaltools.gnu-tools-for-stm32.7-2018-q2-update.win32_1.0.0.201904181610/tools/bin/../lib/gcc/arm-none-eabi/7.3.1/../../../../arm-none-eabi/lib/thumb/v7-m\libc_nano.a(lib_a-init.o)
 .ARM.attributes
                0x00000000000002fc       0x2d c:/st/stm32cubeide_1.3.0/stm32cubeide/plugins/com.st.stm32cube.ide.mcu.externaltools.gnu-tools-for-stm32.7-2018-q2-update.win32_1.0.0.201904181610/tools/bin/../lib/gcc/arm-none-eabi/7.3.1/../../../../arm-none-eabi/lib/thumb/v7-m\libc_nano.a(lib_a-memset.o)
 .ARM.attributes
                0x0000000000000329       0x1d c:/st/stm32cubeide_1.3.0/stm32cubeide/plugins/com.st.stm32cube.ide.mcu.externaltools.gnu-tools-for-stm32.7-2018-q2-update.win32_1.0.0.201904181610/tools/bin/../lib/gcc/arm-none-eabi/7.3.1/thumb/v7-m/crtn.o
OUTPUT(7 uart_calc_LL.elf elf32-littlearm)

.debug_info     0x0000000000000000     0x5ef8
 .debug_info    0x0000000000000000      0xa75 Core/Src/fifo.o
 .debug_info    0x0000000000000a75     0x1752 Core/Src/main.o
 .debug_info    0x00000000000021c7      0x2f1 Core/Src/stm32f1xx_hal_msp.o
 .debug_info    0x00000000000024b8      0x220 Core/Src/stm32f1xx_it.o
 .debug_info    0x00000000000026d8      0x433 Core/Src/system_stm32f1xx.o
 .debug_info    0x0000000000002b0b       0x22 Core/Startup/startup_stm32f103c8tx.o
 .debug_info    0x0000000000002b2d      0x6fe Drivers/STM32F1xx_HAL_Driver/Src/stm32f1xx_hal.o
 .debug_info    0x000000000000322b      0xb46 Drivers/STM32F1xx_HAL_Driver/Src/stm32f1xx_hal_cortex.o
 .debug_info    0x0000000000003d71      0x681 Drivers/STM32F1xx_HAL_Driver/Src/stm32f1xx_hal_gpio.o
 .debug_info    0x00000000000043f2      0x804 Drivers/STM32F1xx_HAL_Driver/Src/stm32f1xx_hal_rcc.o
 .debug_info    0x0000000000004bf6      0x6be Drivers/STM32F1xx_HAL_Driver/Src/stm32f1xx_ll_gpio.o
 .debug_info    0x00000000000052b4      0x5df Drivers/STM32F1xx_HAL_Driver/Src/stm32f1xx_ll_rcc.o
 .debug_info    0x0000000000005893      0x665 Drivers/STM32F1xx_HAL_Driver/Src/stm32f1xx_ll_usart.o

.debug_abbrev   0x0000000000000000     0x175f
 .debug_abbrev  0x0000000000000000      0x20b Core/Src/fifo.o
 .debug_abbrev  0x000000000000020b      0x36f Core/Src/main.o
 .debug_abbrev  0x000000000000057a      0x109 Core/Src/stm32f1xx_hal_msp.o
 .debug_abbrev  0x0000000000000683       0xd5 Core/Src/stm32f1xx_it.o
 .debug_abbrev  0x0000000000000758      0x134 Core/Src/system_stm32f1xx.o
 .debug_abbrev  0x000000000000088c       0x12 Core/Startup/startup_stm32f103c8tx.o
 .debug_abbrev  0x000000000000089e      0x1d8 Drivers/STM32F1xx_HAL_Driver/Src/stm32f1xx_hal.o
 .debug_abbrev  0x0000000000000a76      0x2d5 Drivers/STM32F1xx_HAL_Driver/Src/stm32f1xx_hal_cortex.o
 .debug_abbrev  0x0000000000000d4b      0x1c0 Drivers/STM32F1xx_HAL_Driver/Src/stm32f1xx_hal_gpio.o
 .debug_abbrev  0x0000000000000f0b      0x243 Drivers/STM32F1xx_HAL_Driver/Src/stm32f1xx_hal_rcc.o
 .debug_abbrev  0x000000000000114e      0x210 Drivers/STM32F1xx_HAL_Driver/Src/stm32f1xx_ll_gpio.o
 .debug_abbrev  0x000000000000135e      0x250 Drivers/STM32F1xx_HAL_Driver/Src/stm32f1xx_ll_rcc.o
 .debug_abbrev  0x00000000000015ae      0x1b1 Drivers/STM32F1xx_HAL_Driver/Src/stm32f1xx_ll_usart.o

.debug_aranges  0x0000000000000000      0x670
 .debug_aranges
                0x0000000000000000       0x30 Core/Src/fifo.o
 .debug_aranges
                0x0000000000000030       0xe8 Core/Src/main.o
 .debug_aranges
                0x0000000000000118       0x20 Core/Src/stm32f1xx_hal_msp.o
 .debug_aranges
                0x0000000000000138       0x60 Core/Src/stm32f1xx_it.o
 .debug_aranges
                0x0000000000000198       0x28 Core/Src/system_stm32f1xx.o
 .debug_aranges
                0x00000000000001c0       0x28 Core/Startup/startup_stm32f103c8tx.o
 .debug_aranges
                0x00000000000001e8       0xe0 Drivers/STM32F1xx_HAL_Driver/Src/stm32f1xx_hal.o
 .debug_aranges
                0x00000000000002c8      0x100 Drivers/STM32F1xx_HAL_Driver/Src/stm32f1xx_hal_cortex.o
 .debug_aranges
                0x00000000000003c8       0x58 Drivers/STM32F1xx_HAL_Driver/Src/stm32f1xx_hal_gpio.o
 .debug_aranges
                0x0000000000000420       0x90 Drivers/STM32F1xx_HAL_Driver/Src/stm32f1xx_hal_rcc.o
 .debug_aranges
                0x00000000000004b0       0x60 Drivers/STM32F1xx_HAL_Driver/Src/stm32f1xx_ll_gpio.o
 .debug_aranges
                0x0000000000000510       0xd8 Drivers/STM32F1xx_HAL_Driver/Src/stm32f1xx_ll_rcc.o
 .debug_aranges
                0x00000000000005e8       0x88 Drivers/STM32F1xx_HAL_Driver/Src/stm32f1xx_ll_usart.o

.debug_ranges   0x0000000000000000      0x5a8
 .debug_ranges  0x0000000000000000       0x20 Core/Src/fifo.o
 .debug_ranges  0x0000000000000020       0xd8 Core/Src/main.o
 .debug_ranges  0x00000000000000f8       0x10 Core/Src/stm32f1xx_hal_msp.o
 .debug_ranges  0x0000000000000108       0x50 Core/Src/stm32f1xx_it.o
 .debug_ranges  0x0000000000000158       0x18 Core/Src/system_stm32f1xx.o
 .debug_ranges  0x0000000000000170       0x20 Core/Startup/startup_stm32f103c8tx.o
 .debug_ranges  0x0000000000000190       0xd0 Drivers/STM32F1xx_HAL_Driver/Src/stm32f1xx_hal.o
 .debug_ranges  0x0000000000000260       0xf0 Drivers/STM32F1xx_HAL_Driver/Src/stm32f1xx_hal_cortex.o
 .debug_ranges  0x0000000000000350       0x48 Drivers/STM32F1xx_HAL_Driver/Src/stm32f1xx_hal_gpio.o
 .debug_ranges  0x0000000000000398       0x80 Drivers/STM32F1xx_HAL_Driver/Src/stm32f1xx_hal_rcc.o
 .debug_ranges  0x0000000000000418       0x50 Drivers/STM32F1xx_HAL_Driver/Src/stm32f1xx_ll_gpio.o
 .debug_ranges  0x0000000000000468       0xc8 Drivers/STM32F1xx_HAL_Driver/Src/stm32f1xx_ll_rcc.o
 .debug_ranges  0x0000000000000530       0x78 Drivers/STM32F1xx_HAL_Driver/Src/stm32f1xx_ll_usart.o

.debug_macro    0x0000000000000000    0x15ae3
 .debug_macro   0x0000000000000000      0x3b9 Core/Src/fifo.o
 .debug_macro   0x00000000000003b9      0xa60 Core/Src/fifo.o
 .debug_macro   0x0000000000000e19       0x22 Core/Src/fifo.o
 .debug_macro   0x0000000000000e3b       0x40 Core/Src/fifo.o
 .debug_macro   0x0000000000000e7b       0x18 Core/Src/fifo.o
 .debug_macro   0x0000000000000e93       0x94 Core/Src/fifo.o
 .debug_macro   0x0000000000000f27       0x3c Core/Src/fifo.o
 .debug_macro   0x0000000000000f63       0x34 Core/Src/fifo.o
 .debug_macro   0x0000000000000f97       0x16 Core/Src/fifo.o
 .debug_macro   0x0000000000000fad       0x57 Core/Src/fifo.o
 .debug_macro   0x0000000000001004       0x97 Core/Src/fifo.o
 .debug_macro   0x000000000000109b      0x330 Core/Src/fifo.o
 .debug_macro   0x00000000000013cb       0xfd Core/Src/fifo.o
 .debug_macro   0x00000000000014c8       0x10 Core/Src/fifo.o
 .debug_macro   0x00000000000014d8       0x52 Core/Src/fifo.o
 .debug_macro   0x000000000000152a       0x1f Core/Src/fifo.o
 .debug_macro   0x0000000000001549       0x43 Core/Src/fifo.o
 .debug_macro   0x000000000000158c       0x20 Core/Src/fifo.o
 .debug_macro   0x00000000000015ac      0x1a3 Core/Src/fifo.o
 .debug_macro   0x000000000000174f       0x10 Core/Src/fifo.o
 .debug_macro   0x000000000000175f       0x6a Core/Src/fifo.o
 .debug_macro   0x00000000000017c9       0x1c Core/Src/fifo.o
 .debug_macro   0x00000000000017e5       0x52 Core/Src/fifo.o
 .debug_macro   0x0000000000001837       0x40 Core/Src/fifo.o
 .debug_macro   0x0000000000001877       0x10 Core/Src/fifo.o
 .debug_macro   0x0000000000001887       0x40 Core/Src/fifo.o
 .debug_macro   0x00000000000018c7       0xd7 Core/Src/fifo.o
 .debug_macro   0x000000000000199e       0x1c Core/Src/fifo.o
 .debug_macro   0x00000000000019ba       0x3d Core/Src/fifo.o
 .debug_macro   0x00000000000019f7       0x16 Core/Src/fifo.o
 .debug_macro   0x0000000000001a0d      0x145 Core/Src/fifo.o
 .debug_macro   0x0000000000001b52       0x16 Core/Src/fifo.o
 .debug_macro   0x0000000000001b68       0x35 Core/Src/fifo.o
 .debug_macro   0x0000000000001b9d       0x16 Core/Src/fifo.o
 .debug_macro   0x0000000000001bb3       0x29 Core/Src/fifo.o
 .debug_macro   0x0000000000001bdc       0xef Core/Src/fifo.o
 .debug_macro   0x0000000000001ccb      0x1e5 Core/Src/fifo.o
 .debug_macro   0x0000000000001eb0      0x460 Core/Src/fifo.o
 .debug_macro   0x0000000000002310       0x16 Core/Src/fifo.o
 .debug_macro   0x0000000000002326       0x20 Core/Src/fifo.o
 .debug_macro   0x0000000000002346      0x20f Core/Src/fifo.o
 .debug_macro   0x0000000000002555       0x2e Core/Src/fifo.o
 .debug_macro   0x0000000000002583       0x22 Core/Src/fifo.o
 .debug_macro   0x00000000000025a5       0x1c Core/Src/fifo.o
 .debug_macro   0x00000000000025c1       0x22 Core/Src/fifo.o
 .debug_macro   0x00000000000025e3       0xbd Core/Src/fifo.o
 .debug_macro   0x00000000000026a0      0xd23 Core/Src/fifo.o
 .debug_macro   0x00000000000033c3     0xe09e Core/Src/fifo.o
 .debug_macro   0x0000000000011461       0x43 Core/Src/fifo.o
 .debug_macro   0x00000000000114a4       0x54 Core/Src/fifo.o
 .debug_macro   0x00000000000114f8      0x5be Core/Src/fifo.o
 .debug_macro   0x0000000000011ab6      0x289 Core/Src/fifo.o
 .debug_macro   0x0000000000011d3f      0x1cb Core/Src/fifo.o
 .debug_macro   0x0000000000011f0a      0x114 Core/Src/fifo.o
 .debug_macro   0x000000000001201e      0x1b2 Core/Src/fifo.o
 .debug_macro   0x00000000000121d0       0x27 Core/Src/fifo.o
 .debug_macro   0x00000000000121f7      0x136 Core/Src/fifo.o
 .debug_macro   0x000000000001232d      0x1bc Core/Src/fifo.o
 .debug_macro   0x00000000000124e9       0x34 Core/Src/fifo.o
 .debug_macro   0x000000000001251d       0x3c Core/Src/fifo.o
 .debug_macro   0x0000000000012559       0x57 Core/Src/fifo.o
 .debug_macro   0x00000000000125b0       0x88 Core/Src/fifo.o
 .debug_macro   0x0000000000012638      0x241 Core/Src/fifo.o
 .debug_macro   0x0000000000012879      0x141 Core/Src/fifo.o
 .debug_macro   0x00000000000129ba       0x83 Core/Src/fifo.o
 .debug_macro   0x0000000000012a3d      0x1b4 Core/Src/fifo.o
 .debug_macro   0x0000000000012bf1      0x2be Core/Src/fifo.o
 .debug_macro   0x0000000000012eaf       0xd7 Core/Src/fifo.o
 .debug_macro   0x0000000000012f86       0x74 Core/Src/fifo.o
 .debug_macro   0x0000000000012ffa       0xd0 Core/Src/fifo.o
 .debug_macro   0x00000000000130ca       0x28 Core/Src/fifo.o
 .debug_macro   0x00000000000130f2       0x2a Core/Src/fifo.o
 .debug_macro   0x000000000001311c       0x90 Core/Src/fifo.o
 .debug_macro   0x00000000000131ac      0x287 Core/Src/fifo.o
 .debug_macro   0x0000000000013433      0x22a Core/Src/fifo.o
 .debug_macro   0x000000000001365d       0x10 Core/Src/fifo.o
 .debug_macro   0x000000000001366d       0x10 Core/Src/fifo.o
 .debug_macro   0x000000000001367d      0x3be Core/Src/main.o
 .debug_macro   0x0000000000013a3b       0x8e Core/Src/main.o
 .debug_macro   0x0000000000013ac9       0x51 Core/Src/main.o
 .debug_macro   0x0000000000013b1a      0x1df Core/Src/main.o
 .debug_macro   0x0000000000013cf9       0xc3 Core/Src/main.o
 .debug_macro   0x0000000000013dbc      0x174 Core/Src/main.o
 .debug_macro   0x0000000000013f30       0x5a Core/Src/main.o
 .debug_macro   0x0000000000013f8a       0x46 Core/Src/main.o
 .debug_macro   0x0000000000013fd0      0x32a Core/Src/main.o
 .debug_macro   0x00000000000142fa       0x10 Core/Src/main.o
 .debug_macro   0x000000000001430a       0x1c Core/Src/main.o
 .debug_macro   0x0000000000014326       0x10 Core/Src/main.o
 .debug_macro   0x0000000000014336      0x1e4 Core/Src/stm32f1xx_hal_msp.o
 .debug_macro   0x000000000001451a      0x1ee Core/Src/stm32f1xx_it.o
 .debug_macro   0x0000000000014708      0x181 Core/Src/system_stm32f1xx.o
 .debug_macro   0x0000000000014889      0x19f Drivers/STM32F1xx_HAL_Driver/Src/stm32f1xx_hal.o
 .debug_macro   0x0000000000014a28      0x17b Drivers/STM32F1xx_HAL_Driver/Src/stm32f1xx_hal_cortex.o
 .debug_macro   0x0000000000014ba3      0x1e6 Drivers/STM32F1xx_HAL_Driver/Src/stm32f1xx_hal_gpio.o
 .debug_macro   0x0000000000014d89      0x18d Drivers/STM32F1xx_HAL_Driver/Src/stm32f1xx_hal_rcc.o
 .debug_macro   0x0000000000014f16      0x1b7 Drivers/STM32F1xx_HAL_Driver/Src/stm32f1xx_ll_gpio.o
 .debug_macro   0x00000000000150cd      0x224 Drivers/STM32F1xx_HAL_Driver/Src/stm32f1xx_ll_gpio.o
 .debug_macro   0x00000000000152f1      0x19c Drivers/STM32F1xx_HAL_Driver/Src/stm32f1xx_ll_rcc.o
 .debug_macro   0x000000000001548d      0x2b8 Drivers/STM32F1xx_HAL_Driver/Src/stm32f1xx_ll_rcc.o
 .debug_macro   0x0000000000015745      0x1f0 Drivers/STM32F1xx_HAL_Driver/Src/stm32f1xx_ll_usart.o
 .debug_macro   0x0000000000015935      0x1ae Drivers/STM32F1xx_HAL_Driver/Src/stm32f1xx_ll_usart.o

.debug_line     0x0000000000000000     0x61b9
 .debug_line    0x0000000000000000      0x93e Core/Src/fifo.o
 .debug_line    0x000000000000093e      0xbd6 Core/Src/main.o
 .debug_line    0x0000000000001514      0x6d6 Core/Src/stm32f1xx_hal_msp.o
 .debug_line    0x0000000000001bea      0x779 Core/Src/stm32f1xx_it.o
 .debug_line    0x0000000000002363      0x61e Core/Src/system_stm32f1xx.o
 .debug_line    0x0000000000002981       0x84 Core/Startup/startup_stm32f103c8tx.o
 .debug_line    0x0000000000002a05      0x7c6 Drivers/STM32F1xx_HAL_Driver/Src/stm32f1xx_hal.o
 .debug_line    0x00000000000031cb      0x89f Drivers/STM32F1xx_HAL_Driver/Src/stm32f1xx_hal_cortex.o
 .debug_line    0x0000000000003a6a      0x7c6 Drivers/STM32F1xx_HAL_Driver/Src/stm32f1xx_hal_gpio.o
 .debug_line    0x0000000000004230      0x888 Drivers/STM32F1xx_HAL_Driver/Src/stm32f1xx_hal_rcc.o
 .debug_line    0x0000000000004ab8      0x76d Drivers/STM32F1xx_HAL_Driver/Src/stm32f1xx_ll_gpio.o
 .debug_line    0x0000000000005225      0x81b Drivers/STM32F1xx_HAL_Driver/Src/stm32f1xx_ll_rcc.o
 .debug_line    0x0000000000005a40      0x779 Drivers/STM32F1xx_HAL_Driver/Src/stm32f1xx_ll_usart.o

.debug_str      0x0000000000000000    0x6f241
 .debug_str     0x0000000000000000    0x6cdbc Core/Src/fifo.o
                                      0x6d1ea (size before relaxing)
 .debug_str     0x000000000006cdbc      0x795 Core/Src/main.o
                                      0x6da19 (size before relaxing)
 .debug_str     0x000000000006d551       0x50 Core/Src/stm32f1xx_hal_msp.o
                                      0x67f9c (size before relaxing)
 .debug_str     0x000000000006d5a1       0xbd Core/Src/stm32f1xx_it.o
                                      0x67fb9 (size before relaxing)
 .debug_str     0x000000000006d65e       0x6e Core/Src/system_stm32f1xx.o
                                      0x62d50 (size before relaxing)
 .debug_str     0x000000000006d6cc       0x36 Core/Startup/startup_stm32f103c8tx.o
                                         0x80 (size before relaxing)
 .debug_str     0x000000000006d702      0x3c5 Drivers/STM32F1xx_HAL_Driver/Src/stm32f1xx_hal.o
                                      0x63361 (size before relaxing)
 .debug_str     0x000000000006dac7      0x205 Drivers/STM32F1xx_HAL_Driver/Src/stm32f1xx_hal_cortex.o
                                      0x6336f (size before relaxing)
 .debug_str     0x000000000006dccc      0x324 Drivers/STM32F1xx_HAL_Driver/Src/stm32f1xx_hal_gpio.o
                                      0x6309a (size before relaxing)
 .debug_str     0x000000000006dff0      0x263 Drivers/STM32F1xx_HAL_Driver/Src/stm32f1xx_hal_rcc.o
                                      0x630d3 (size before relaxing)
 .debug_str     0x000000000006e253      0x3fa Drivers/STM32F1xx_HAL_Driver/Src/stm32f1xx_ll_gpio.o
                                      0x64627 (size before relaxing)
 .debug_str     0x000000000006e64d      0x3a9 Drivers/STM32F1xx_HAL_Driver/Src/stm32f1xx_ll_rcc.o
                                      0x64192 (size before relaxing)
 .debug_str     0x000000000006e9f6      0x84b Drivers/STM32F1xx_HAL_Driver/Src/stm32f1xx_ll_usart.o
                                      0x65a60 (size before relaxing)

.comment        0x0000000000000000       0x7b
 .comment       0x0000000000000000       0x7b Core/Src/fifo.o
                                         0x7c (size before relaxing)
 .comment       0x000000000000007b       0x7c Core/Src/main.o
 .comment       0x000000000000007b       0x7c Core/Src/stm32f1xx_hal_msp.o
 .comment       0x000000000000007b       0x7c Core/Src/stm32f1xx_it.o
 .comment       0x000000000000007b       0x7c Core/Src/system_stm32f1xx.o
 .comment       0x000000000000007b       0x7c Drivers/STM32F1xx_HAL_Driver/Src/stm32f1xx_hal.o
 .comment       0x000000000000007b       0x7c Drivers/STM32F1xx_HAL_Driver/Src/stm32f1xx_hal_cortex.o
 .comment       0x000000000000007b       0x7c Drivers/STM32F1xx_HAL_Driver/Src/stm32f1xx_hal_gpio.o
 .comment       0x000000000000007b       0x7c Drivers/STM32F1xx_HAL_Driver/Src/stm32f1xx_hal_rcc.o
 .comment       0x000000000000007b       0x7c Drivers/STM32F1xx_HAL_Driver/Src/stm32f1xx_ll_gpio.o
 .comment       0x000000000000007b       0x7c Drivers/STM32F1xx_HAL_Driver/Src/stm32f1xx_ll_rcc.o
 .comment       0x000000000000007b       0x7c Drivers/STM32F1xx_HAL_Driver/Src/stm32f1xx_ll_usart.o

.debug_frame    0x0000000000000000     0x17ec
 .debug_frame   0x0000000000000000       0x7c Core/Src/fifo.o
 .debug_frame   0x000000000000007c      0x3d4 Core/Src/main.o
 .debug_frame   0x0000000000000450       0x38 Core/Src/stm32f1xx_hal_msp.o
 .debug_frame   0x0000000000000488      0x10c Core/Src/stm32f1xx_it.o
 .debug_frame   0x0000000000000594       0x58 Core/Src/system_stm32f1xx.o
 .debug_frame   0x00000000000005ec      0x334 Drivers/STM32F1xx_HAL_Driver/Src/stm32f1xx_hal.o
 .debug_frame   0x0000000000000920      0x428 Drivers/STM32F1xx_HAL_Driver/Src/stm32f1xx_hal_cortex.o
 .debug_frame   0x0000000000000d48      0x14c Drivers/STM32F1xx_HAL_Driver/Src/stm32f1xx_hal_gpio.o
 .debug_frame   0x0000000000000e94      0x21c Drivers/STM32F1xx_HAL_Driver/Src/stm32f1xx_hal_rcc.o
 .debug_frame   0x00000000000010b0      0x170 Drivers/STM32F1xx_HAL_Driver/Src/stm32f1xx_ll_gpio.o
 .debug_frame   0x0000000000001220      0x34c Drivers/STM32F1xx_HAL_Driver/Src/stm32f1xx_ll_rcc.o
 .debug_frame   0x000000000000156c      0x234 Drivers/STM32F1xx_HAL_Driver/Src/stm32f1xx_ll_usart.o
 .debug_frame   0x00000000000017a0       0x2c c:/st/stm32cubeide_1.3.0/stm32cubeide/plugins/com.st.stm32cube.ide.mcu.externaltools.gnu-tools-for-stm32.7-2018-q2-update.win32_1.0.0.201904181610/tools/bin/../lib/gcc/arm-none-eabi/7.3.1/../../../../arm-none-eabi/lib/thumb/v7-m\libc_nano.a(lib_a-init.o)
 .debug_frame   0x00000000000017cc       0x20 c:/st/stm32cubeide_1.3.0/stm32cubeide/plugins/com.st.stm32cube.ide.mcu.externaltools.gnu-tools-for-stm32.7-2018-q2-update.win32_1.0.0.201904181610/tools/bin/../lib/gcc/arm-none-eabi/7.3.1/../../../../arm-none-eabi/lib/thumb/v7-m\libc_nano.a(lib_a-memset.o)
