core_cm3.h:1499:26:__NVIC_GetPriorityGrouping	4	static
core_cm3.h:1511:22:__NVIC_EnableIRQ	16	static
core_cm3.h:1639:22:__NVIC_SetPriority	16	static
core_cm3.h:1686:26:NVIC_EncodePriority	40	static
stm32f1xx_ll_usart.h:411:22:LL_USART_Enable	16	static
stm32f1xx_ll_usart.h:1526:22:LL_USART_ConfigAsyncMode	16	static
stm32f1xx_ll_usart.h:1839:26:LL_USART_IsActiveFlag_RXNE	16	static
stm32f1xx_ll_usart.h:1861:26:LL_USART_IsActiveFlag_TXE	16	static
stm32f1xx_ll_usart.h:2082:22:LL_USART_EnableIT_RXNE	16	static
stm32f1xx_ll_usart.h:2274:26:LL_USART_IsEnabledIT_RXNE	16	static
stm32f1xx_ll_usart.h:2450:25:LL_USART_ReceiveData8	16	static
stm32f1xx_ll_usart.h:2473:22:LL_USART_TransmitData8	16	static
stm32f1xx_ll_bus.h:763:22:LL_APB2_GRP1_EnableClock	24	static
main.c:92:6:USART1_IRQHandler	8	static
main.c:109:6:uprintf	16	static
main.c:117:6:uart_send_string	16	static
main.c:125:6:UART1_PutChar	16	static
main.c:132:6:UART1_PutStr	16	static
main.c:138:5:s_i	24	static
main.c:153:6:i_s	120	static
main.c:167:6:r_str	32	static
main.c:184:5:main	64	static
main.c:300:6:SystemClock_Config	72	static
main.c:338:13:MX_USART1_UART_Init	56	static
main.c:395:13:MX_GPIO_Init	40	static
main.c:424:6:Error_Handler	4	static
